\BOOKMARK [0][-]{chapter.1}{\376\377\000I\000n\000t\000r\000o\000d\000u\000c\000t\000i\000o\000n}{}% 1
\BOOKMARK [1][-]{section.1.1}{\376\377\000C\000o\000n\000t\000r\000i\000b\000u\000t\000i\000o\000n\000s}{chapter.1}% 2
\BOOKMARK [0][-]{chapter.2}{\376\377\000M\000o\000t\000i\000v\000a\000t\000i\000o\000n}{}% 3
\BOOKMARK [0][-]{chapter.3}{\376\377\000B\000a\000c\000k\000g\000r\000o\000u\000n\000d\000\040}{}% 4
\BOOKMARK [1][-]{section.3.1}{\376\377\000G\000u\000e\000s\000s\000a\000b\000i\000l\000i\000t\000y\000\040\000a\000n\000d\000\040\000P\000a\000s\000s\000w\000o\000r\000d\000\040\000M\000o\000d\000e\000l\000s}{chapter.3}% 5
\BOOKMARK [1][-]{section.3.2}{\376\377\000P\000r\000o\000b\000a\000b\000i\000l\000i\000s\000t\000i\000c\000\040\000P\000a\000s\000s\000w\000o\000r\000d\000\040\000M\000o\000d\000e\000l\000s}{chapter.3}% 6
\BOOKMARK [2][-]{subsection.3.2.1}{\376\377\000E\000x\000p\000l\000i\000c\000i\000t\000\040\000M\000o\000d\000e\000l\000s}{section.3.2}% 7
\BOOKMARK [2][-]{subsection.3.2.2}{\376\377\000I\000m\000p\000l\000i\000c\000i\000t\000\040\000M\000o\000d\000e\000l\000s}{section.3.2}% 8
\BOOKMARK [1][-]{section.3.3}{\376\377\000M\000o\000n\000t\000e\000\040\000C\000a\000r\000l\000o\000\040\000E\000s\000t\000i\000m\000a\000t\000i\000o\000n}{chapter.3}% 9
\BOOKMARK [2][-]{subsection.3.3.1}{\376\377\000R\000a\000n\000k\000\040\000D\000e\000f\000i\000n\000i\000t\000i\000o\000n\000\040\000a\000n\000d\000\040\000C\000o\000m\000p\000u\000t\000a\000t\000i\000o\000n\000a\000l\000\040\000C\000h\000a\000l\000l\000e\000n\000g\000e\000s}{section.3.3}% 10
\BOOKMARK [2][-]{subsection.3.3.2}{\376\377\000M\000o\000n\000t\000e\000\040\000C\000a\000r\000l\000o\000\040\000R\000a\000n\000k\000\040\000E\000s\000t\000i\000m\000a\000t\000i\000o\000n}{section.3.3}% 11
\BOOKMARK [2][-]{subsection.3.3.3}{\376\377\000E\000f\000f\000i\000c\000i\000e\000n\000t\000\040\000C\000o\000m\000p\000u\000t\000a\000t\000i\000o\000n\000\040\000o\000f\000\040\000M\000o\000n\000t\000e\000\040\000C\000a\000r\000l\000o\000\040\000E\000s\000t\000i\000m\000a\000t\000e\000s}{section.3.3}% 12
\BOOKMARK [2][-]{subsection.3.3.4}{\376\377\000V\000a\000r\000i\000a\000n\000c\000e\000\040\000C\000o\000n\000s\000i\000d\000e\000r\000a\000t\000i\000o\000n\000s\000\040\000a\000n\000d\000\040\000L\000o\000n\000g\000-\000T\000a\000i\000l\000\040\000B\000e\000h\000a\000v\000i\000o\000r}{section.3.3}% 13
\BOOKMARK [2][-]{subsection.3.3.5}{\376\377\000R\000o\000l\000e\000\040\000o\000f\000\040\000M\000o\000n\000t\000e\000\040\000C\000a\000r\000l\000o\000\040\000i\000n\000\040\000P\000a\000s\000s\000w\000o\000r\000d\000-\000G\000u\000e\000s\000s\000i\000n\000g\000\040\000E\000v\000a\000l\000u\000a\000t\000i\000o\000n}{section.3.3}% 14
\BOOKMARK [2][-]{subsection.3.3.6}{\376\377\000W\000h\000y\000\040\000v\000a\000l\000i\000d\000a\000t\000i\000o\000n\000\040\000r\000e\000q\000u\000i\000r\000e\000s\000\040\000d\000e\000t\000e\000r\000m\000i\000n\000i\000s\000t\000i\000c\000\040\000t\000o\000p\000-\000k}{section.3.3}% 15
\BOOKMARK [1][-]{section.3.4}{\376\377\000M\000a\000r\000k\000o\000v\000\040\000C\000h\000a\000i\000n\000s}{chapter.3}% 16
\BOOKMARK [1][-]{section.3.5}{\376\377\000P\000r\000e\000v\000i\000o\000u\000s\000\040\000W\000o\000r\000k\000s}{chapter.3}% 17
\BOOKMARK [2][-]{subsection.3.5.1}{\376\377\000F\000a\000s\000t\000\040\000A\000c\000c\000u\000r\000a\000t\000e\000\040\000A\000n\000d\000\040\000L\000e\000a\000n\000\050\000F\000L\000A\000\051}{section.3.5}% 18
\BOOKMARK [2][-]{subsection.3.5.2}{\376\377\000S\000t\000a\000n\000e\000k}{section.3.5}% 19
\BOOKMARK [2][-]{subsection.3.5.3}{\376\377\000P\000a\000s\000s\000w\000o\000r\000d\000\040\000G\000u\000e\000s\000s\000i\000n\000g\000\040\000W\000i\000t\000h\000\040\000L\000L\000M\000s}{section.3.5}% 20
\BOOKMARK [2][-]{subsection.3.5.4}{\376\377\000M\000A\000Y\000A}{section.3.5}% 21
\BOOKMARK [0][-]{chapter.4}{\376\377\000M\000e\000t\000h\000o\000d\000o\000l\000o\000g\000y}{}% 22
\BOOKMARK [1][-]{section.4.1}{\376\377\000O\000p\000t\000i\000m\000i\000z\000i\000n\000g\000\040\000F\000L\000A\000\040\000s\00